// Jest Snapshot v1, https://goo.gl/fbAQLP

exports[`First component renders correctly 1`] = `
<RCTSafeAreaView
  style={
    {
      "backgroundColor": "black",
      "height": "100%",
    }
  }
>
  <View>
    <View
      accessibilityState={
        {
          "busy": undefined,
          "checked": undefined,
          "disabled": undefined,
          "expanded": undefined,
          "selected": undefined,
        }
      }
      accessibilityValue={
        {
          "max": undefined,
          "min": undefined,
          "now": undefined,
          "text": undefined,
        }
      }
      accessible={true}
      collapsable={false}
      focusable={true}
      onClick={[Function]}
      onResponderGrant={[Function]}
      onResponderMove={[Function]}
      onResponderRelease={[Function]}
      onResponderTerminate={[Function]}
      onResponderTerminationRequest={[Function]}
      onStartShouldSetResponder={[Function]}
      style={
        {
          "opacity": 1,
        }
      }
    >
      <AntDesign
        color="black"
        name="left"
        size={20}
        style={
          {
            "color": "#979797",
            "height": 16,
            "left": 53,
            "top": 96,
            "width": 16,
          }
        }
      />
    </View>
    <Text
      style={
        {
          "color": "#EDF6FF",
          "fontSize": 30,
          "height": 33,
          "left": 37,
          "top": 131,
          "width": 349,
        }
      }
    >
      What's Your Name?
    </Text>
  </View>
  <View
    style={
      {
        "display": "flex",
        "flexDirection": "row",
        "justifyContent": "space-between",
        "marginLeft": "auto",
        "marginRight": "auto",
        "top": 190,
        "width": "85%",
      }
    }
  >
    <TextInput
      onChangeText={[Function]}
      placeholder="First *"
      style={
        {
          "borderBottomWidth": 1,
          "borderColor": "#EDF6FF",
          "color": "#EDF6FF",
          "fontSize": 20,
          "padding": 20,
          "width": 150,
        }
      }
      value=""
    />
    <TextInput
      onChangeText={[Function]}
      placeholder="Last *"
      style={
        {
          "borderBottomWidth": 1,
          "borderColor": "#EDF6FF",
          "color": "#EDF6FF",
          "fontSize": 20,
          "padding": 20,
          "width": 150,
        }
      }
      value=""
    />
  </View>
  <View
    accessibilityState={
      {
        "busy": undefined,
        "checked": undefined,
        "disabled": undefined,
        "expanded": undefined,
        "selected": undefined,
      }
    }
    accessibilityValue={
      {
        "max": undefined,
        "min": undefined,
        "now": undefined,
        "text": undefined,
      }
    }
    accessible={true}
    collapsable={false}
    focusable={true}
    onClick={[Function]}
    onResponderGrant={[Function]}
    onResponderMove={[Function]}
    onResponderRelease={[Function]}
    onResponderTerminate={[Function]}
    onResponderTerminationRequest={[Function]}
    onStartShouldSetResponder={[Function]}
    style={
      {
        "borderColor": "#EDF6FF",
        "borderRadius": 2,
        "borderWidth": 1,
        "height": 58,
        "justifyContent": "center",
        "left": 37,
        "opacity": 1,
        "top": 500,
        "width": 341,
      }
    }
  >
    <Text
      style={
        {
          "color": "white",
          "fontSize": 21,
          "left": 150,
        }
      }
    >
      Next
    </Text>
  </View>
</RCTSafeAreaView>
`;
