// Jest Snapshot v1, https://goo.gl/fbAQLP

exports[`Phonenumber component renders correctly 1`] = `
<RCTSafeAreaView
  style={
    {
      "backgroundColor": "black",
      "height": "100%",
    }
  }
>
  <View>
    <View
      accessibilityState={
        {
          "busy": undefined,
          "checked": undefined,
          "disabled": undefined,
          "expanded": undefined,
          "selected": undefined,
        }
      }
      accessibilityValue={
        {
          "max": undefined,
          "min": undefined,
          "now": undefined,
          "text": undefined,
        }
      }
      accessible={true}
      collapsable={false}
      focusable={true}
      onClick={[Function]}
      onResponderGrant={[Function]}
      onResponderMove={[Function]}
      onResponderRelease={[Function]}
      onResponderTerminate={[Function]}
      onResponderTerminationRequest={[Function]}
      onStartShouldSetResponder={[Function]}
      style={
        {
          "opacity": 1,
        }
      }
    >
      <AntDesign
        color="black"
        name="left"
        size={20}
        style={
          {
            "color": "#EDF6FF",
            "height": 20,
            "left": 40,
            "marginTop": 50,
            "width": 20,
          }
        }
      />
    </View>
    <Image
      source={
        {
          "testUri": "../../../assets/Flag.jpeg",
        }
      }
      style={
        {
          "height": 30,
          "left": 20,
          "top": 60,
          "width": 30,
        }
      }
    />
    <Text
      style={
        {
          "color": "#EDF6FF",
          "fontSize": 25,
          "height": 33,
          "left": 80,
          "marginTop": 30,
          "width": 349,
        }
      }
    >
      Enter the PhoneNumber
    </Text>
    <TextInput
      onChangeText={[Function]}
      placeholder="Enter phone number"
      style={
        {
          "borderBottomColor": "#EDF6FF",
          "borderBottomWidth": 1,
          "color": "#EDF6FF",
          "fontSize": 18,
          "left": 80,
          "marginTop": 60,
          "width": 250,
        }
      }
      value=""
    />
    <View
      style={
        {
          "alignItems": "center",
          "borderRadius": 20,
          "display": "flex",
          "justifyContent": "center",
          "left": 30,
          "marginTop": 20,
          "width": 320,
        }
      }
    >
      <View
        accessibilityRole="button"
        accessibilityState={
          {
            "busy": undefined,
            "checked": undefined,
            "disabled": false,
            "expanded": undefined,
            "selected": undefined,
          }
        }
        accessibilityValue={
          {
            "max": undefined,
            "min": undefined,
            "now": undefined,
            "text": undefined,
          }
        }
        accessible={true}
        collapsable={false}
        focusable={true}
        onClick={[Function]}
        onResponderGrant={[Function]}
        onResponderMove={[Function]}
        onResponderRelease={[Function]}
        onResponderTerminate={[Function]}
        onResponderTerminationRequest={[Function]}
        onStartShouldSetResponder={[Function]}
        style={
          {
            "opacity": 1,
          }
        }
      >
        <View
          style={
            [
              {},
            ]
          }
        >
          <Text
            disabled={false}
            style={
              [
                {
                  "color": "#007AFF",
                  "fontSize": 18,
                  "margin": 8,
                  "textAlign": "center",
                },
              ]
            }
          >
            Send OTP
          </Text>
        </View>
      </View>
      <Text
        onPress={[Function]}
        style={
          {
            "color": "#535AFF",
            "fontSize": 24,
            "marginTop": 20,
          }
        }
      >
        Or connect with Social 
        <AntDesign
          color="black"
          name="right"
          size={20}
          style={
            {
              "color": "#535AFF",
              "height": 20,
              "left": 40,
              "marginTop": 50,
              "width": 20,
            }
          }
        />
      </Text>
    </View>
  </View>
</RCTSafeAreaView>
`;
