// Jest Snapshot v1, https://goo.gl/fbAQLP

exports[`Profile component renders correctly 1`] = `
<RCTSafeAreaView
  style={
    {
      "backgroundColor": "black",
      "height": "100%",
    }
  }
>
  <View>
    <View
      accessibilityState={
        {
          "busy": undefined,
          "checked": undefined,
          "disabled": undefined,
          "expanded": undefined,
          "selected": undefined,
        }
      }
      accessibilityValue={
        {
          "max": undefined,
          "min": undefined,
          "now": undefined,
          "text": undefined,
        }
      }
      accessible={true}
      collapsable={false}
      focusable={true}
      onClick={[Function]}
      onResponderGrant={[Function]}
      onResponderMove={[Function]}
      onResponderRelease={[Function]}
      onResponderTerminate={[Function]}
      onResponderTerminationRequest={[Function]}
      onStartShouldSetResponder={[Function]}
      style={
        {
          "opacity": 1,
        }
      }
    >
      <AntDesign
        color="black"
        name="left"
        size={20}
        style={
          {
            "color": "#979797",
            "height": 16,
            "marginLeft": 30,
            "marginTop": 40,
            "width": 16,
          }
        }
      />
    </View>
  </View>
  <View
    style={
      {
        "display": "flex",
        "flexDirection": "row",
        "justifyContent": "center",
        "marginTop": 100,
      }
    }
  >
    <Image
      source={
        {
          "testUri": "../../../assets/Profile.png",
        }
      }
      style={
        {
          "height": 130,
          "width": 130,
        }
      }
    />
  </View>
  <View
    style={
      {
        "marginTop": 60,
      }
    }
  >
    <Text
      style={
        {
          "color": "#EDF6FF",
          "fontSize": 20,
          "lineHeight": 23.14,
          "marginLeft": "auto",
          "marginRight": "auto",
          "width": "85%",
        }
      }
    >
      By tapping the arrow below, you agree to Uberâ€™s Terms of Use and acknowledge that you have read the Privacy Policy.
    </Text>
  </View>
  <View
    style={
      {
        "marginTop": 90,
      }
    }
  >
    <View
      style={
        {
          "alignItems": "center",
          "display": "flex",
          "flexDirection": "row",
          "justifyContent": "space-between",
          "marginLeft": "auto",
          "marginRight": "auto",
          "marginTop": 50,
          "width": "85%",
        }
      }
    >
      <View
        testID="mock-checkbox"
      />
      <Text
        style={
          {
            "color": "#EDF6FF",
            "fontSize": 16,
            "lineHeight": 17.58,
            "width": "90%",
          }
        }
      >
        Check the box to indicate that you are at least 18 years of age, agree to the Terms & Conditions and acknowledge the Privacy Policy.
      </Text>
    </View>
  </View>
</RCTSafeAreaView>
`;
